// Jest Snapshot v1, https://goo.gl/fbAQLP

exports[`OTP renders and works correctly renders with expected content and does not crash 1`] = `
<div
  class="MuiPaper-root MuiPaper-elevation MuiPaper-rounded MuiPaper-elevation1 css-1rik2fx-MuiPaper-root-Otp"
>
  <div
    class="MuiBox-root css-afxx7u"
  >
    <input
      aria-label="otp-field-0"
      inputmode="numeric"
      maxlength="1"
      name="otp-field-0"
      pattern="[0-9]*"
      value=""
    />
    <input
      aria-label="otp-field-1"
      inputmode="numeric"
      maxlength="1"
      name="otp-field-1"
      pattern="[0-9]*"
      placeholder="―"
      value=""
    />
    <input
      aria-label="otp-field-2"
      inputmode="numeric"
      maxlength="1"
      name="otp-field-2"
      pattern="[0-9]*"
      placeholder="―"
      value=""
    />
    <input
      aria-label="otp-field-3"
      inputmode="numeric"
      maxlength="1"
      name="otp-field-3"
      pattern="[0-9]*"
      placeholder="―"
      value=""
    />
    <input
      aria-label="otp-field-4"
      inputmode="numeric"
      maxlength="1"
      name="otp-field-4"
      pattern="[0-9]*"
      placeholder="―"
      value=""
    />
    <input
      aria-label="otp-field-5"
      inputmode="numeric"
      maxlength="1"
      name="otp-field-5"
      pattern="[0-9]*"
      placeholder="―"
      value=""
    />
  </div>
</div>
`;
